=====================================================================
  WEIGHT ROBUSTNESS -- IEEE 33-bus | MPA, 20000 NOFE, 5 seeds per set
=====================================================================
base_paper   seed 1: F=-0.106058 F1=3.6209 F2=33.4316 F3=583334 F4=6344.77 Vmin=0.9161 x=[18 16 0.360 0.940 19 2 0.490 0.518]
base_paper   seed 2: F=-0.102760 F1=3.5829 F2=33.7741 F3=583084 F4=6344.80 Vmin=0.9159 x=[18 33 0.899 0.401 2 19 0.490 0.518]
base_paper   seed 3: F=-0.104770 F1=3.5874 F2=33.6886 F3=583114 F4=6344.78 Vmin=0.9159 x=[17 33 0.995 0.306 19 2 0.490 0.518]
base_paper   seed 4: F=-0.106663 F1=3.6238 F2=33.3956 F3=583353 F4=6345.12 Vmin=0.9163 x=[16 18 0.604 0.696 19 2 0.490 0.518]
base_paper   seed 5: F=-0.106370 F1=3.6269 F2=33.3837 F3=583373 F4=6344.78 Vmin=0.9163 x=[18 16 0.829 0.471 2 19 0.490 0.518]
equal        seed 1: F=0.084111 F1=3.6242 F2=33.3934 F3=583356 F4=6344.77 Vmin=0.9163 x=[16 18 0.581 0.719 19 2 0.490 0.518]
equal        seed 2: F=0.084147 F1=3.6222 F2=33.4059 F3=583343 F4=6344.77 Vmin=0.9162 x=[16 18 0.707 0.593 19 2 0.490 0.518]
equal        seed 3: F=0.084551 F1=3.6209 F2=33.4270 F3=583334 F4=6344.76 Vmin=0.9162 x=[16 18 0.901 0.399 19 2 0.490 0.518]
equal        seed 4: F=0.084560 F1=3.6273 F2=33.3906 F3=583376 F4=6344.77 Vmin=0.9162 x=[16 17 0.301 1.000 2 19 0.490 0.518]
equal        seed 5: F=0.084162 F1=3.6221 F2=33.4073 F3=583342 F4=6344.78 Vmin=0.9162 x=[16 18 0.721 0.579 19 2 0.490 0.518]
critic       seed 1: F=0.300382 F1=3.6249 F2=33.3902 F3=583360 F4=6344.77 Vmin=0.9163 x=[16 18 0.548 0.753 19 2 0.490 0.518]
critic       seed 2: F=0.300732 F1=3.6300 F2=33.3742 F3=583394 F4=6344.77 Vmin=0.9163 x=[16 18 0.360 0.940 2 19 0.490 0.518]
critic       seed 3: F=0.300624 F1=3.6259 F2=33.3956 F3=583367 F4=6344.72 Vmin=0.9162 x=[16 17 0.375 0.925 2 19 0.490 0.518]
critic       seed 4: F=0.301539 F1=3.5929 F2=33.6622 F3=583150 F4=6344.77 Vmin=0.9160 x=[33 18 0.300 1.000 2 19 0.490 0.518]
critic       seed 5: F=0.300648 F1=3.6264 F2=33.3936 F3=583371 F4=6344.77 Vmin=0.9162 x=[16 17 0.346 0.954 2 19 0.490 0.518]
markov       seed 1: F=-0.097846 F1=3.6205 F2=33.4324 F3=583331 F4=6344.78 Vmin=0.9161 x=[15 17 0.450 0.851 2 19 0.490 0.518]
markov       seed 2: F=-0.099136 F1=3.5879 F2=33.6830 F3=583117 F4=6345.01 Vmin=0.9159 x=[33 17 0.300 1.000 19 2 0.490 0.518]
markov       seed 3: F=-0.099024 F1=3.5881 F2=33.6840 F3=583116 F4=6349.56 Vmin=0.9159 x=[17 33 0.999 0.301 2 19 0.491 0.518]
markov       seed 4: F=-0.099125 F1=3.5875 F2=33.6866 F3=583115 F4=6344.83 Vmin=0.9159 x=[17 33 0.997 0.304 19 2 0.490 0.518]
markov       seed 5: F=-0.097437 F1=3.5766 F2=33.8497 F3=583042 F4=6344.79 Vmin=0.9157 x=[33 17 0.451 0.849 2 19 0.490 0.518]
combined     seed 1: F=0.101355 F1=3.6261 F2=33.3851 F3=583369 F4=6344.77 Vmin=0.9163 x=[18 16 0.809 0.491 19 2 0.490 0.518]
combined     seed 2: F=0.101483 F1=3.5926 F2=33.6618 F3=583149 F4=6344.77 Vmin=0.9160 x=[18 33 1.000 0.300 19 2 0.490 0.518]
combined     seed 3: F=0.101133 F1=3.5881 F2=33.6833 F3=583119 F4=6344.78 Vmin=0.9159 x=[17 33 1.000 0.300 2 19 0.490 0.518]
combined     seed 4: F=0.101106 F1=3.6226 F2=33.4026 F3=583346 F4=6344.77 Vmin=0.9162 x=[18 16 0.625 0.675 19 2 0.490 0.518]
combined     seed 5: F=0.101572 F1=3.6241 F2=33.4111 F3=583355 F4=6344.77 Vmin=0.9162 x=[15 17 0.300 1.000 2 19 0.490 0.518]
ahp_critic   seed 1: F=0.047054 F1=3.6212 F2=33.4350 F3=583336 F4=6344.90 Vmin=0.9161 x=[16 18 0.965 0.335 2 19 0.490 0.518]
ahp_critic   seed 2: F=0.045278 F1=3.5875 F2=33.6873 F3=583114 F4=6344.78 Vmin=0.9159 x=[17 33 0.996 0.304 19 2 0.490 0.518]
ahp_critic   seed 3: F=0.047168 F1=3.6213 F2=33.4391 F3=583336 F4=6344.77 Vmin=0.9161 x=[16 18 1.000 0.300 2 19 0.490 0.518]
ahp_critic   seed 4: F=0.046622 F1=3.6222 F2=33.4058 F3=583343 F4=6344.77 Vmin=0.9162 x=[16 18 0.706 0.594 19 2 0.490 0.518]
ahp_critic   seed 5: F=0.045915 F1=3.5891 F2=33.6999 F3=583125 F4=6344.77 Vmin=0.9160 x=[33 18 0.335 0.966 2 19 0.490 0.518]

IEEE 33-bus
Weight set | RES buses (freq) | kW      | CS buses (freq) | kW     | F1 MWh/d        | F2 pu           | Energy cost Rs/d | F4 Rs        | Vmin pu        
----------------------------------------------------------------------------------------------------------------------------------------------------------
base_paper | 16,18(3/5)|782+/-230/519+/-230| 2,19(5/5)|507+/-15/501+/-15| 3.6084+/-0.0214 | 33.535+/-0.183  | 583252+/-141     | 6344.8+/-0.1 | 0.9161+/-0.0002
equal      | 16,18(4/5)|642+/-222/658+/-222| 2,19(5/5)|512+/-12/495+/-12| 3.6233+/-0.0025 | 33.405+/-0.014  | 583350+/-17      | 6344.8+/-0.0 | 0.9162+/-0.0000
critic     | 16,18(2/5)|526+/-277/775+/-277| 2,19(5/5)|495+/-12/512+/-12| 3.6200+/-0.0153 | 33.443+/-0.123  | 583328+/-100     | 6344.8+/-0.0 | 0.9162+/-0.0001
markov     | 17,33(4/5)|859+/-238/441+/-238| 2,19(5/5)|501+/-15/507+/-15| 3.5921+/-0.0166 | 33.667+/-0.149  | 583144+/-109     | 6345.8+/-2.1 | 0.9159+/-0.0002
combined   | 16,18(2/5)|693+/-310/607+/-310| 2,19(5/5)|507+/-15/501+/-15| 3.6107+/-0.0187 | 33.509+/-0.150  | 583267+/-123     | 6344.8+/-0.0 | 0.9161+/-0.0002
ahp_critic | 16,18(3/5)|927+/-124/374+/-124| 2,19(5/5)|501+/-15/507+/-15| 3.6083+/-0.0183 | 33.533+/-0.147  | 583251+/-120     | 6344.8+/-0.1 | 0.9161+/-0.0001
----------------------------------------------------------------------------------------------------------------------------------------------------------
Buses: most frequent pair over seeds (units sorted by bus number); kW per unit as mean+/-std.
Energy cost = F3 (grid energy - V2G revenue + daily capex).

Spread across weight sets (max-min of the per-set means, % of their average):
  F1  : 0.86 %  (3.5921 .. 3.6233 MWh/d)
  Vmin: 0.03 %  (0.9159 .. 0.9162 pu)

Saved to results\weight_robustness_INDIA.json (key bus33)
Saved results\figures\weight_robustness_F1_33bus.png
